R[0;32mI (36) boot: chip revision: v3.1[0m
[0;32mI (40) boot.ï¿½ets Jul 29 2019 12:21:46

rst:0x1 (POWERON_RESET),boot:0x13 (SPI_FAST_FLASH_BOOT)
configsip: 0, SPIWP:0xee
clk_drv:0x00,q_drv:0x00,d_drv:0x00,cs0_drv:0x00,hd_drv:0x00,wp_drv:0x00
mode:DIO, clock div:2
load:0x3fff0030,len:7176
load:0x40078000,len:15564
ho 0 tail 12 room 4
load:0x40080400,len:4
load:0x40080404,len:3904
entry 0x40080640
[0;32mI (31) boot: ESP-IDF v5.3-dirty 2nd stage bootloader[0m
[0;32mI (31) boot: compile time Aug 20 2024 18:47:13[0m
[0;32mI (31) boot: Multicore bootloader[0m
[0;32mI (36) boot: chip revision: v3.1[0m
[0;32mI (40) boot.esp32: SPI Speed      : 40MHz[0m
[0;32mI (44) boot.esp32: SPI Mode       : DIO[0m
[0;32mI (49) boot.esp32: SPI Flash Size : 2MB[0m
[0;32mI (53) boot: Enabling RNG early entropy source...[0m
[0;32mI (59) boot: Partition Table:[0m
[0;32mI (62) boot: ## Label            Usage          Type ST Offset   Length[0m
[0;32mI (70) boot:  0 nvs              WiFi data        01 02 00009000 00006000[0m
[0;32mI (77) boot:  1 phy_init         RF data          01 01 0000f000 00001000[0m
[0;32mI (84) boot:  2 factory          factory app      00 00 00010000 00100000[0m
[0;32mI (92) boot: End of partition table[0m
[0;32mI (96) esp_image: segment 0: paddr=00010020 vaddr=3f400020 size=0a95ch ( 43356) map[0m
[0;32mI (120) esp_image: segment 1: paddr=0001a984 vaddr=3ffb0000 size=05694h ( 22164) load[0m
[0;32mI (128) esp_image: segment 2: paddr=00020020 vaddr=400d0020 size=16628h ( 91688) map[0m
[0;32mI (160) esp_image: segment 3: paddr=00036650 vaddr=3ffb5694 size=01cc0h (  7360) load[0m
[0;32mI (163) esp_image: segment 4: paddr=00038318 vaddr=40080000 size=0d9fch ( 55804) load[0m
[0;32mI (195) boot: Loaded app from partition at offset 0x10000[0m
[0;32mI (196) boot: Disabling RNG early entropy source...[0m
[0;32mI (207) cpu_start: Multicore app[0m
[0;32mI (216) cpu_start: Pro cpu start user code[0m
[0;32mI (216) cpu_start: cpu freq: 160000000 Hz[0m
[0;32mI (216) app_init: Application information:[0m
[0;32mI (219) app_init: Project name:     esp_OTA_SMT32[0m
[0;32mI (224) app_init: App version:      1[0m
[0;32mI (229) app_init: Compile time:     Aug 25 2024 07:28:29[0m
[0;32mI (235) app_init: ELF file SHA256:  b2546dcd4...[0m
[0;32mI (240) app_init: ESP-IDF:          v5.3-dirty[0m
[0;32mI (245) efuse_init: Min chip rev:     v0.0[0m
[0;32mI (250) efuse_init: Max chip rev:     v3.99 [0m
[0;32mI (255) efuse_init: Chip rev:         v3.1[0m
[0;32mI (260) heap_init: Initializing. RAM available for dynamic allocation:[0m
[0;32mI (267) heap_init: At 3FFAE6E0 len 00001920 (6 KiB): DRAM[0m
[0;32mI (273) heap_init: At 3FFB7E30 len 000281D0 (160 KiB): DRAM[0m
[0;32mI (279) heap_init: At 3FFE0440 len 00003AE0 (14 KiB): D/IRAM[0m
[0;32mI (285) heap_init: At 3FFE4350 len 0001BCB0 (111 KiB): D/IRAM[0m
[0;32mI (292) heap_init: At 4008D9FC len 00012604 (73 KiB): IRAM[0m
[0;32mI (299) spi_flash: detected chip: generic[0m
[0;32mI (303) spi_flash: flash io: dio[0m
[0;33mW (307) spi_flash: Detected size(4096k) larger than the size in the binary image header(2048k). Using the size in the binary image header.[0m
[0;32mI (320) main_task: Started on CPU0[0m
[0;32mI (330) main_task: Calling app_main()[0m
02 00 00 04 08 00 F2 
44 7E FB 3F 44 7E FB 3F 7B 79 DF AA CD A4 8E C2 01 58 97 AF B0 
44 7E FB 3F 44 7E FB 3F F7 DA 9B 0C 3A 1D FE 79 33 2D 2E 02 CC 
44 7E FB 3F 44 7E FB 3F 1C 1D 21 17 B6 46 D1 01 AD 06 BB 2A E8 
44 7E FB 3F 44 7E FB 3F 99 DA 18 C5 DB 60 C3 3E 6F 46 49 1B 04 
44 7E FB 3F 44 7E FB 3F 45 6B 8F 40 BE CD 06 DD 38 4D 87 3B 20 
44 7E FB 3F 44 7E FB 3F 2C 19 E2 92 2F FF BB F8 5F FF 1D 70 3C 
44 7E FB 3F 44 7E FB 3F BD 3B 1A 83 89 DD 28 A9 AC EC AF EA 58 
length line: 21
length command: 8
