Cï¿½ï¿½+Úšï¿½j%ï¿½(36) boot: chip revï¿½ets Jul 29 2019 12:21:46

rst:0x1 (POWERON_RESET),boot:0x13 (SPI_FAST_FLASH_BOOT)
configsip: 0, SPIWP:0xee
clk_drv:0x00,q_drv:0x00,d_drv:0x00,cs0_drv:0x00,hd_drv:0x00,wp_drv:0x00
mode:DIO, clock div:2
load:0x3fff0030,len:7176
load:0x40078000,len:15564
ho 0 tail 12 room 4
load:0x40080400,len:4
load:0x40080404,len:3904
entry 0x40080640
[0;32mI (31) boot: ESP-IDF v5.3-dirty 2nd stage bootloader[0m
[0;32mI (31) boot: compile time Aug 20 2024 18:47:13[0m
[0;32mI (31) boot: Multicore bootloader[0m
[0;32mI (36) boot: chip revision: v3.1[0m
[0;32mI (40) boot.esp32: SPI Speed      : 40MHz[0m
[0;32mI (44) boot.esp32: SPI Mode       : DIO[0m
[0;32mI (49) boot.esp32: SPI Flash Size : 2MB[0m
[0;32mI (53) boot: Enabling RNG early entropy source...[0m
[0;32mI (59) boot: Partition Table:[0m
[0;32mI (62) boot: ## Label            Usage          Type ST Offset   Length[0m
[0;32mI (70) boot:  0 nvs              WiFi data        01 02 00009000 00006000[0m
[0;32mI (77) boot:  1 phy_init         RF data          01 01 0000f000 00001000[0m
[0;32mI (84) boot:  2 factory          factory app      00 00 00010000 00100000[0m
[0;32mI (92) boot: End of partition table[0m
[0;32mI (96) esp_image: segment 0: paddr=00010020 vaddr=3f400020 size=0ad9ch ( 44444) map[0m
[0;32mI (120) esp_image: segment 1: paddr=0001adc4 vaddr=3ffb0000 size=05254h ( 21076) load[0m
[0;32mI (128) esp_image: segment 2: paddr=00020020 vaddr=400d0020 size=17448h ( 95304) map[0m
[0;32mI (161) esp_image: segment 3: paddr=00037470 vaddr=3ffb5254 size=02100h (  8448) load[0m
[0;32mI (164) esp_image: segment 4: paddr=00039578 vaddr=40080000 size=0da84h ( 55940) load[0m
[0;32mI (197) boot: Loaded app from partition at offset 0x10000[0m
[0;32mI (197) boot: Disabling RNG early entropy source...[0m
[0;32mI (208) cpu_start: Multicore app[0m
[0;32mI (217) cpu_start: Pro cpu start user code[0m
[0;32mI (217) cpu_start: cpu freq: 160000000 Hz[0m
[0;32mI (217) app_init: Application information:[0m
[0;32mI (220) app_init: Project name:     esp_OTA_SMT32[0m
[0;32mI (225) app_init: App version:      1[0m
[0;32mI (230) app_init: Compile time:     Aug 25 2024 07:28:29[0m
[0;32mI (236) app_init: ELF file SHA256:  3147f15a0...[0m
[0;32mI (241) app_init: ESP-IDF:          v5.3-dirty[0m
[0;32mI (246) efuse_init: Min chip rev:     v0.0[0m
[0;32mI (251) efuse_init: Max chip rev:     v3.99 [0m
[0;32mI (256) efuse_init: Chip rev:         v3.1[0m
[0;32mI (261) heap_init: Initializing. RAM available for dynamic allocation:[0m
[0;32mI (268) heap_init: At 3FFAE6E0 len 00001920 (6 KiB): DRAM[0m
[0;32mI (274) heap_init: At 3FFB8238 len 00027DC8 (159 KiB): DRAM[0m
[0;32mI (280) heap_init: At 3FFE0440 len 00003AE0 (14 KiB): D/IRAM[0m
[0;32mI (287) heap_init: At 3FFE4350 len 0001BCB0 (111 KiB): D/IRAM[0m
[0;32mI (293) heap_init: At 4008DA84 len 0001257C (73 KiB): IRAM[0m
[0;32mI (301) spi_flash: detected chip: generic[0m
[0;32mI (304) spi_flash: flash io: dio[0m
[0;33mW (308) spi_flash: Detected size(4096k) larger than the size in the binary image header(2048k). Using the size in the binary image header.[0m
[0;32mI (322) main_task: Started on CPU0[0m
[0;32mI (332) main_task: Calling app_main()[0m
Guru Meditation Error: Core  0 panic'ed (LoadProhibited). Exception was unhandled.

Core  0 register dump:
PC      : 0x400d8857  PS      : 0x00060530  A0      : 0x800d7f2b  A1      : 0x3ffb94a0  
A2      : 0x3ffb0288  A3      : 0x00000000  A4      : 0x3ffb94c0  A5      : 0x3ffb94ea  
A6      : 0x00000000  A7      : 0x00000000  A8      : 0x800d884b  A9      : 0x3ffb9480  
A10     : 0x3ffb0289  A11     : 0x3f4011e0  A12     : 0x3ffb94c0  A13     : 0x3ffaff3c  
A14     : 0x3ffafa84  A15     : 0x00000000  SAR     : 0x0000001e  EXCCAUSE: 0x0000001c  
EXCVADDR: 0x00000000  LBEG    : 0x4000c46c  LEND    : 0x4000c477  LCOUNT  : 0xffffffff  


Backtrace: 0x400d8854:0x3ffb94a0 0x400d7f28:0x3ffb94c0 0x400d7d22:0x3ffb9510 0x400e6adc:0x3ffb9530 0x40086e41:0x3ffb9560




ELF file SHA256: 3147f15a0

Rebooting...
ets Jul 29 2019 12:21:46

rst:0xc (SW_CPU_RESET),boot:0x13 (SPI_FAST_FLASH_BOOT)
configsip: 0, SPIWP:0xee
clk_drv:0x00,q_drv:0x00,d_drv:0x00,cs0_drv:0x00,hd_drv:0x00,wp_drv:0x00
mode:DIO, clock div:2
load:0x3fff0030,len:7176
load:0x40078000,len:15564
ho 0 tail 12 room 4
load:0x40080400,len:4
load:0x40080404,len:3904
entry 0x40080640
[0;32mI (31) boot: ESP-IDF v5.3-dirty 2nd stage bootloader[0m
[0;32mI (31) boot: compile time Aug 20 2024 18:47:13[0m
[0;32mI (31) boot: Multicore bootloader[0m
[0;32mI (36) boot: chip revision: v3.1[0m
[0;32mI (39) boot.esp32: SPI Speed      : 40MHz[0m
[0;32mI (44) boot.esp32: SPI Mode       : DIO[0m
[0;32mI (49) boot.esp32: SPI Flash Size : 2MB[0m
[0;32mI (53) boot: Enabling RNG early entropy source...[0m
[0;32mI (59) boot: Partition Table:[0m
[0;32mI (62) boot: ## Label            Usage          Type ST Offset   Length[0m
[0;32mI (69) boot:  0 nvs              WiFi data        01 02 00009000 00006000[0m
[0;32mI (77) boot:  1 phy_init         RF data          01 01 0000f000 00001000[0m
[0;32mI (84) boot:  2 factory          factory app      00 00 00010000 00100000[0m
[0;32mI (92) boot: End of partition table[0m
[0;32mI (96) esp_image: segment 0: paddr=00010020 vaddr=3f400020 size=0ad9ch ( 44444) map[0m
[0;32mI (120) esp_image: segment 1: paddr=0001adc4 vaddr=3ffb0000 size=05254h ( 21076) load[0m
[0;32mI (128) esp_image: segment 2: paddr=00020020 vaddr=400d0020 size=17448h ( 95304) map[0m
[0;32mI (161) esp_image: segment 3: paddr=00037470 vaddr=3ffb5254 size=02100h (  8448) load[0m
[0;32mI (164) esp_image: segment 4: paddr=00039578 vaddr=40080000 size=0da84h ( 55940) load[0m
[0;32mI (197) boot: Loaded app from partition at offset 0x10000[0m
[0;32mI (197) boot: Disabling RNG early entropy source...[0m
[0;32mI (208) cpu_start: Multicore app[0m
[0;32mI (217) cpu_start: Pro cpu start user code[0m
[0;32mI (217) cpu_start: cpu freq: 160000000 Hz[0m
[0;32mI (217) app_init: Application information:[0m
[0;32mI (220) app_init: Project name:     esp_OTA_SMT32[0m
[0;32mI (225) app_init: App version:      1[0m
[0;32mI (230) app_init: Compile time:     Aug 25 2024 07:28:29[0m
[0;32mI (236) app_init: ELF file SHA256:  3147f15a0...[0m
[0;32mI (241) app_init: ESP-IDF:          v5.3-dirty[0m
[0;32mI (246) efuse_init: Min chip rev:     v0.0[0m
[0;32mI (251) efuse_init: Max chip rev:     v3.99 [0m
[0;32mI (256) efuse_init: Chip rev:         v3.1[0m
[0;32mI (261) heap_init: Initializing. RAM available for dynamic allocation:[0m
[0;32mI (268) heap_init: At 3FFAE6E0 len 00001920 (6 KiB): DRAM[0m
[0;32mI (274) heap_init: At 3FFB8238 len 00027DC8 (159 KiB): DRAM[0m
[0;32mI (280) heap_init: At 3FFE0440 len 00003AE0 (14 KiB): D/IRAM[0m
[0;32mI (286) heap_init: At 3FFE4350 len 0001BCB0 (111 KiB): D/IRAM[0m
[0;32mI (293) heap_init: At 4008DA84 len 0001257C (73 KiB): IRAM[0m
[0;32mI (301) spi_flash: detected chip: generic[0m
[0;32mI (304) spi_flash: flash io: dio[0m
[0;33mW (308) spi_flash: Detected size(4096k) larger than the size in the binary image header(2048k). Using the size in the binary image header.[0m
[0;32mI (322) main_task: Started on CPU0[0m
[0;32mI (332) main_task: Calling app_main()[0m
Guru Meditation Error: Core  0 panic'ed (LoadProhibited). Exception was unhandled.

Core  0 register dump:
PC      : 0x400d8857  PS      : 0x00060530  A0      : 0x800d7f2b  A1      : 0x3ffb94a0  
A2      : 0x3ffb0288  A3      : 0x00000000  A4      : 0x3ffb94c0  A5      : 0x3ffb94ea  
A6      : 0x00000000  A7      : 0x00000000  A8      : 0x800d884b  A9      : 0x3ffb9480  
A10     : 0x3ffb0289  A11     : 0x3f4011e0  A12     : 0x3ffb94c0  A13     : 0x3ffaff3c  
A14     : 0x3ffafa84  A15     : 0x00000000  SAR     : 0x0000001e  EXCCAUSE: 0x0000001c  
EXCVADDR: 0x00000000  LBEG    : 0x4000c46c  LEND    : 0x4000c477  LCOUNT  : 0xffffffff  


Backtrace: 0x400d8854:0x3ffb94a0 0x400d7f28:0x3ffb94c0 0x400d7d22:0x3ffb9510 0x400e6adc:0x3ffb9530 0x40086e41:0x3ffb9560




ELF file SHA256: 3147f15a0

Rebooting...
ets Jul 29 2019 12:21:46

rst:0xc (SW_CPU_RESET),boot:0x13 (SPI_FAST_FLASH_BOOT)
configsip: 0, SPIWP:0xee
clk_drv:0x00,q_drv:0x00,d_drv:0x00,cs0_drv:0x00,hd_drv:0x00,wp_drv:0x00
mode:DIO, clock div:2
load:0x3fff0030,len:7176
load:0x40078000,len:15564
ho 0 tail 12 room 4
load:0x40080400,len:4
load:0x40080404,len:3904
entry 0x40080640
[0;32mI (31) boot: ESP-IDF v5.3-dirty 2nd stage bootloader[0m
[0;32mI (31) boot: compile time Aug 20 2024 18:47:13[0m
[0;32mI (31) boot: Multicore bootloader[0m
[0;32mI (36) boot: chip revision: v3.1[0m
[0;32mI (39) boot.esp32: SPI Speed      : 40MHz[0m
[0;32mI (44) boot.esp32: SPI Mode       : DIO[0m
[0;32mI (49) boot.esp32: SPI Flash Size : 2MB[0m
[0;32mI (53) boot: Enabling RNG early entropy source...[0m
[0;32mI (59) boot: Partition Table:[0m
[0;32mI (62) boot: ## Label            Usage          Type ST Offset   Length[0m
[0;32mI (69) boot:  0 nvs              WiFi data        01 02 00009000 00006000[0m
[0;32mI (77) boot:  1 phy_init         RF data          01 01 0000f000 00001000[0m
[0;32mI (84) boot:  2 factory          factory app      00 00 00010000 00100000[0m
[0;32mI (92) boot: End of partition table[0m
[0;32mI (96) esp_image: segment 0: paddr=00010020 vaddr=3f400020 size=0ad9ch ( 44444) map[0m
[0;32mI (120) esp_image: segment 1: paddr=0001adc4 vaddr=3ffb0000 size=05254h ( 21076) load[0m
[0;32mI (128) esp_image: segment 2: paddr=00020020 vaddr=400d0020 size=17448h ( 95304) map[0m
[0;32mI (161) esp_image: segment 3: paddr=00037470 vaddr=3ffb5254 size=02100h (  8448) load[0m
[0;32mI (164) esp_image: segment 4: paddr=00039578 vaddr=40080000 size=0da84h ( 55940) load[0m
[0;32mI (197) boot: Loaded app from partition at offset 0x10000[0m
[0;32mI (197) boot: Disabling RNG early entropy source...[0m
[0;32mI (208) cpu_start: Multicore app[0m
[0;32mI (217) cpu_start: Pro cpu start user code[0m
[0;32mI (217) cpu_start: cpu freq: 160000000 Hz[0m
[0;32mI (217) app_init: Application information:[0m
[0;32mI (220) app_init: Project name:     esp_OTA_SMT32[0m
[0;32mI (225) app_init: App version:      1[0m
[0;32mI (230) app_init: Compile time:     Aug 25 2024 07:28:29[0m
[0;32mI (236) app_init: ELF file SHA256:  3147f15a0...[0m
[0;32mI (241) app_init: ESP-IDF:          v5.3-dirty[0m
[0;32mI (246) efuse_init: Min chip rev:     v0.0[0m
[0;32mI (251) efuse_init: Max chip rev:     v3.99 [0m
[0;32mI (256) efuse_init: Chip rev:         v3.1[0m
[0;32mI (261) heap_init: Initializing. RAM available for dynamic allocation:[0m
[0;32mI (268) heap_init: At 3FFAE6E0 len 00001920 (6 KiB): DRAM[0m
[0;32mI (274) heap_init: At 3FFB8238 len 00027DC8 (159 KiB): DRAM[0m
[0;32mI (280) heap_init: At 3FFE0440 len 00003AE0 (14 KiB): D/IRAM[0m
[0;32mI (286) heap_init: At 3FFE4350 len 0001BCB0 (111 KiB): D/IRAM[0m
[0;32mI (293) heap_init: At 4008DA84 len 0001257C (73 KiB): IRAM[0m
[0;32mI (301) spi_flash: detected chip: generic[0m
[0;32mI (304) spi_flash: flash io: dio[0m
[0;33mW (308) spi_flash: Detected size(4096k) larger than the size in the binary image header(2048k). Using the size in the binary image header.[0m
[0;32mI (322) main_task: Started on CPU0[0m
[0;32mI (332) main_task: Calling app_main()[0m
Guru Meditation Error: Core  0 panic'ed (LoadProhibited). Exception was unhandled.

Core  0 register dump:
PC      : 0x400d8857  PS      : 0x00060530  A0      : 0x800d7f2b  A1      : 0x3ffb94a0  
A2      : 0x3ffb0288  A3      : 0x00000000  A4      : 0x3ffb94c0  A5      : 0x3ffb94ea  
A6      : 0x00000000  A7      : 0x00000000  A8      : 0x800d884b  A9      : 0x3ffb9480  
A10     : 0x3ffb0289  A11     : 0x3f4011e0  A12     : 0x3ffb94c0  A13     : 0x3ffaff3c  
A14     : 0x3ffafa84  A15     : 0x00000000  SAR     : 0x0000001e  EXCCAUSE: 0x0000001c  
EXCVADDR: 0x00000000  LBEG    : 0x4000c46c  LEND    : 0x4000c477  LCOUNT  : 0xffffffff  


Backtrace: 0x400d8854:0x3ffb94a0 0x400d7f28:0x3ffb94c0 0x400d7d22:0x3ffb9510 0x400e6adc:0x3ffb9530 0x40086e41:0x3ffb9560




ELF file SHA256: 3147f15a0

Rebooting...
ets Jul 29 2019 12:21:46

rst:0xc (SW_CPU_RESET),boot:0x13 (SPI_FAST_FLASH_BOOT)
configsip: 0, SPIWP:0xee
clk_drv:0x00,q_drv:0x00,d_drv:0x00,cs0_drv:0x00,hd_drv:0x00,wp_drv:0x00
mode:DIO, clock div:2
load:0x3fff0030,len:7176
load:0x40078000,len:15564
ho 0 tail 12 room 4
load:0x40080400,len:4
load:0x40080404,len:3904
entry 0x40080640
[0;32mI (31) boot: ESP-IDF v5.3-dirty 2nd stage bootloader[0m
[0;32mI (31) boot: compile time Aug 20 2024 18:47:13[0m
[0;32mI (31) boot: Multicore bootloader[0m
[0;32mI (36) boot: chip revision: v3.1[0m
[0;32mI (39) boot.esp32: SPI Speed      : 40MHz[0m
[0;32mI (44) boot.esp32: SPI Mode       : DIO[0m
[0;32mI (49) boot.esp32: SPI Flash Size : 2MB[0m
[0;32mI (53) boot: Enabling RNG early entropy source...[0m
[0;32mI (59) boot: Partition Table:[0m
[0;32mI (62) boot: ## Label            Usage          Type ST Offset   Length[0m
[0;32mI (69) boot:  0 nvs              WiFi data        01 02 00009000 00006000[0m
[0;32mI (77) boot:  1 phy_init         RF data          01 01 0000f000 00001000[0m
[0;32mI (84) boot:  2 factory          factory app      00 00 00010000 00100000[0m
[0;32mI (92) boot: End of partition table[0m
[0;32mI (96) esp_image: segment 0: paddr=00010020 vaddr=3f400020 size=0ad9ch ( 44444) map[0m
[0;32mI (120) esp_image: segment 1: paddr=0001adc4 vaddr=3ffb0000 size=05254h ( 21076) load[0m
[0;32mI (128) esp_image: segment 2: paddr=00020020 vaddr=400d0020 size=17448h ( 95304) map[0m
[0;32mI (161) esp_image: segment 3: paddr=00037470 vaddr=3ffb5254 size=02100h (  8448) load[0m
[0;32mI (164) esp_image: segment 4: paddr=00039578 vaddr=40080000 size=0da84h ( 55940) load[0m
[0;32mI (197) boot: Loaded app from partition at offset 0x10000[0m
[0;32mI (197) boot: Disabling RNG early entropy source...[0m
[0;32mI (208) cpu_start: Multicore app[0m
[0;32mI (217) cpu_start: Pro cpu start user code[0m
[0;32mI (217) cpu_start: cpu freq: 160000000 Hz[0m
[0;32mI (217) app_init: Application information:[0m
[0;32mI (220) app_init: Project name:     esp_OTA_SMT32[0m
[0;32mI (225) app_init: App version:      1[0m
[0;32mI (230) app_init: Compile time:     Aug 25 2024 07:28:29[0m
[0;32mI (236) app_init: ELF file SHA256:  3147f15a0...[0m
[0;32mI (241) app_init: ESP-IDF:          v5.3-dirty[0m
[0;32mI (246) efuse_init: Min chip rev:     v0.0[0m
[0;32mI (251) efuse_init: Max chip rev:     v3.99 [0m
[0;32mI (256) efuse_init: Chip rev:         v3.1[0m
[0;32mI (261) heap_init: Initializing. RAM available for dynamic allocation:[0m
[0;32mI (268) heap_init: At 3FFAE6E0 len 00001920 (6 KiB): DRAM[0m
[0;32mI (274) heap_init: At 3FFB8238 len 00027DC8 (159 KiB): DRAM[0m
[0;32mI (280) heap_init: At 3FFE0440 len 00003AE0 (14 KiB): D/IRAM[0m
[0;32mI (286) heap_init: At 3FFE4350 len 0001BCB0 (111 KiB): D/IRAM[0m
[0;32mI (293) heap_init: At 4008DA84 len 0001257C (73 KiB): IRAM[0m
[0;32mI (301) spi_flash: detected chip: generic[0m
[0;32mI (304) spi_flash: flash io: dio[0m
[0;33mW (308) spi_flash: Detected size(4096k) larger than the size in the binary image header(2048k). Using the size in the binary image header.[0m
[0;32mI (322) main_task: Started on CPU0[0m
[0;32mI (332) main_task: Calling app_main()[0m
Guru Meditation Error: Core  0 panic'ed (LoadProhibited). Exception was unhandled.

Core  0 register dump:
PC      : 0x400d8857  PS      : 0x00060530  A0      : 0x800d7f2b  A1      : 0x3ffb94a0  
A2      : 0x3ffb0288  A3      : 0x00000000  A4      : 0x3ffb94c0  A5      : 0x3ffb94ea  
A6      : 0x00000000  A7      : 0x00000000  A8      : 0x800d884b  A9      : 0x3ffb9480  
A10     : 0x3ffb0289  A11     : 0x3f4011e0  A12     : 0x3ffb94c0  A13     : 0x3ffaff3c  
A14     : 0x3ffafa84  A15     : 0x00000000  SAR     : 0x0000001e  EXCCAUSE: 0x0000001c  
EXCVADDR: 0x00000000  LBEG    : 0x4000c46c  LEND    : 0x4000c477  LCOUNT  : 0xffffffff  


Backtrace: 0x400d8854:0x3ffb94a0 0x400d7f28:0x3ffb94c0 0x400d7d22:0x3ffb9510 0x400e6adc:0x3ffb9530 0x40086e41:0x3ffb9560




ELF file SHA256: 3147f15a0

Rebooting...
ets Jul 29 2019 12:21:46

rst:0xc (SW_CPU_RESET),boot:0x13 (SPI_FAST_FLASH_BOOT)
configsip: 0, SPIWP:0xee
clk_drv:0x00,q_drv:0x00,d_drv:0x00,cs0_drv:0x00,hd_drv:0x00,wp_drv:0x00
mode:DIO, clock div:2
load:0x3fff0030,len:7176
load:0x40078000,len:15564
ho 0 tail 12 room 4
load:0x40080400,len:4
load:0x40080404,len:3904
entry 0x40080640
[0;32mI (31) boot: ESP-IDF v5.3-dirty 2nd stage bootloader[0m
[0;32mI (31) boot: compile time Aug 20 2024 18:47:13[0m
[0;32mI (31) boot: Multicore bootloader[0m
[0;32mI (36) boot: chip revision: v3.1[0m
[0;32mI (39) boot.esp32: SPI Speed      : 40MHz[0m
[0;32mI (44) boot.esp32: SPI Mode       : DIO[0m
[0;32mI (49) boot.esp32: SPI Flash Size : 2MB[0m
[0;32mI (53) boot: Enabling RNG early entropy source...[0m
[0;32mI (59) boot: Partition Table:[0m
[0;32mI (62) boot: ## Label            Usage          Type ST Offset   Length[0m
[0;32mI (69) boot:  0 nvs              WiFi data        01 02 00009000 00006000[0m
[0;32mI (77) boot:  1 phy_init         RF data          01 01 0000f000 00001000[0m
[0;32mI (84) boot:  2 factory          factory app      00 00 00010000 00100000[0m
[0;32mI (92) boot: End of partition table[0m
[0;32mI (96) esp_image: segment 0: paddr=00010020 vaddr=3f400020 size=0ad9ch ( 44444) map[0m
[0;32mI (120) esp_image: segment 1: paddr=0001adc4 vaddr=3ffb0000 size=05254h ( 21076) load[0m
[0;32mI (128) esp_image: segment 2: paddr=00020020 vaddr=400d0020 size=17448h ( 95304) map[0m
[0;32mI (161) esp_image: segment 3: paddr=00037470 vaddr=3ffb5254 size=02100h (  8448) load[0m
[0;32mI (164) esp_image: segment 4: paddr=00039578 vaddr=40080000 size=0da84h ( 55940) load[0m
[0;32mI (197) boot: Loaded app from partition at offset 0x10000[0m
[0;32mI (197) boot: Disabling RNG early entropy source...[0m
[0;32mI (208) cpu_start: Multicore app[0m
[0;32mI (217) cpu_start: Pro cpu start user code[0m
[0;32mI (217) cpu_start: cpu freq: 160000000 Hz[0m
[0;32mI (217) app_init: Application information:[0m
[0;32mI (220) app_init: Project name:     esp_OTA_SMT32[0m
[0;32mI (225) app_init: App version:      1[0m
[0;32mI (230) app_init: Compile time:     Aug 25 2024 07:28:29[0m
[0;32mI (236) app_init: ELF file SHA256:  3147f15a0...[0m
[0;32mI (241) app_init: ESP-IDF:          v5.3-dirty[0m
[0;32mI (246) efuse_init: Min chip rev:     v0.0[0m
[0;32mI (251) efuse_init: Max chip rev:     v3.99 [0m
[0;32mI (256) efuse_init: Chip rev:         v3.1[0m
[0;32mI (261) heap_init: Initializing. RAM available for dynamic allocation:[0m
[0;32mI (268) heap_init: At 3FFAE6E0 len 00001920 (6 KiB): DRAM[0m
[0;32mI (274) heap_init: At 3FFB8238 len 00027DC8 (159 KiB): DRAM[0m
[0;32mI (280) heap_init: At 3FFE0440 len 00003AE0 (14 KiB): D/IRAM[0m
[0;32mI (286) heap_init: At 3FFE4350 len 0001BCB0 (111 KiB): D/IRAM[0m
[0;32mI (293) heap_init: At 4008DA84 len 0001257C (73 KiB): IRAM[0m
[0;32mI (301) spi_flash: detected chip: generic[0m
[0;32mI (304) spi_flash: flash io: dio[0m
[0;33mW (308) spi_flash: Detected size(4096k) larger than the size in the binary image header(2048k). Using the size in the binary image header.[0m
[0;32mI (322) main_task: Started on CPU0[0m
[0;32mI (332) main_task: Calling app_main()[0m
Guru Meditation Error: Core  0 panic'ed (LoadProhibited). Exception was unhandled.

Core  0 register dump:
PC      : 0x400d8857  PS      : 0x00060530  A0      : 0x800d7f2b  A1      : 0x3ffb94a0  
A2      : 0x3ffb0288  A3      : 0x00000000  A4      : 0x3ffb94c0  A5      : 0x3ffb94ea  
A6      : 0x00000000  A7      : 0x00000000  A8      : 0x800d884b  A9      : 0x3ffb9480  
A10     : 0x3ffb0289  A11     : 0x3f4011e0  A12     : 0x3ffb94c0  A13     : 0x3ffaff3c  
A14     : 0x3ffafa84  A15     : 0x00000000  SAR     : 0x0000001e  EXCCAUSE: 0x0000001c  
EXCVADDR: 0x00000000  LBEG    : 0x4000c46c  LEND    : 0x4000c477  LCOUNT  : 0xffffffff  


Backtrace: 0x400d8854:0x3ffb94a0 0x400d7f28:0x3ffb94c0 0x400d7d22:0x3ffb9510 0x400e6adc:0x3ffb9530 0x40086e41:0x3ffb9560




ELF file SHA256: 3147f15a0

Rebooting...
ets Jul 29 2019 12:21:46

rst:0xc (SW_CPU_RESET),boot:0x13 (SPI_FAST_FLASH_BOOT)
configsip: 0, SPIWP:0xee
clk_drv:0x00,q_drv:0x00,d_drv:0x00,cs0_drv:0x00,hd_drv:0x00,wp_drv:0x00
mode:DIO, clock div:2
load:0x3fff0030,len:7176
load:0x40078000,len:15564
ho 0 tail 12 room 4
load:0x40080400,len:4
load:0x40080404,len:3904
entry 0x40080640
[0;32mI (31) boot: ESP-IDF v5.3-dirty 2nd stage bootloader[0m
[0;32mI (31) boot: compile time Aug 20 2024 18:47:13[0m
[0;32mI (31) boot: Multicore bootloader[0m
[0;32mI (36) boot: chip revision: v3.1[0m
[0;32mI (39) boot.esp32: SPI Speed      : 40MHz[0m
[0;32mI (44) boot.esp32: SPI Mode       : DIO[0m
[0;32mI (49) boot.esp32: SPI Flash Size : 2MB[0m
[0;32mI (53) boot: Enabling RNG early entropy source...[0m
[0;32mI (59) boot: Partition Table:[0m
[0;32mI (62) boot: ## Label            Usage          Type ST Offset   Length[0m
[0;32mI (69) boot:  0 nvs              WiFi data        01 02 00009000 00006000[0m
[0;32mI (77) boot:  1 phy_init         RF data          01 01 0000f000 00001000[0m
[0;32mI (84) boot:  2 factory          factory app      00 00 00010000 00100000[0m
[0;32mI (92) boot: End of partition table[0m
[0;32mI (96) esp_image: segment 0: paddr=00010020 vaddr=3f400020 size=0ad9ch ( 44444) map[0m
[0;32mI (120) esp_image: segment 1: paddr=0001adc4 vaddr=3ffb0000 size=05254h ( 21076) load[0m
[0;32mI (128) esp_image: segment 2: paddr=00020020 vaddr=400d0020 size=17448h ( 95304) map[0m
[0;32mI (161) esp_image: segment 3: paddr=00037470 vaddr=3ffb5254 size=02100h (  8448) load[0m
[0;32mI (164) esp_image: segment 4: paddr=00039578 vaddr=40080000 size=0da84h ( 55940) load[0m
[0;32mI (197) boot: Loaded app from partition at offset 0x10000[0m
[0;32mI (197) boot: Disabling RNG early entropy source...[0m
[0;32mI (208) cpu_start: Multicore app[0m
[0;32mI (217) cpu_start: Pro cpu start user code[0m
[0;32mI (217) cpu_start: cpu freq: 160000000 Hz[0m
[0;32mI (217) app_init: Application information:[0m
[0;32mI (220) app_init: Project name:     esp_OTA_SMT32[0m
[0;32mI (225) app_init: App version:      1[0m
[0;32mI (230) app_init: Compile time:     Aug 25 2024 07:28:29[0m
[0;32mI (236) app_init: ELF file SHA256:  3147f15a0...[0m
[0;32mI (241) app_init: ESP-IDF:          v5.3-dirty[0m
[0;32mI (246) efuse_init: Min chip rev:     v0.0[0m
[0;32mI (251) efuse_init: Max chip rev:     v3.99 [0m
[0;32mI (256) efuse_init: Chip rev:         v3.1[0m
[0;32mI (261) heap_init: Initializing. RAM available for dynamic allocation:[0m
[0;32mI (268) heap_init: At 3FFAE6E0 len 00001920 (6 KiB): DRAM[0m
[0;32mI (274) heap_init: At 3FFB8238 len 00027DC8 (159 KiB): DRAM[0m
[0;32mI (280) heap_init: At 3FFE0440 len 00003AE0 (14 KiB): D/IRAM[0m
[0;32mI (286) heap_init: At 3FFE4350 len 0001BCB0 (111 KiB): D/IRAM[0m
[0;32mI (293) heap_init: At 4008DA84 len 0001257C (73 KiB): IRAM[0m
[0;32mI (301) spi_flash: detected chip: generic[0m
[0;32mI (304) spi_flash: flash io: dio[0m
[0;33mW (308) spi_flash: Detected size(4096k) larger than the size in the binary image header(2048k). Using the size in the binary image header.[0m
[0;32mI (321) main_task: Started on CPU0[0m
[0;32mI (331) main_task: Calling app_main()[0m
Guru Meditation Error: Core  0 panic'ed (LoadProhibited). Exception was unhandled.

Core  0 register dump:
PC      : 0x400d8857  PS      : 0x00060530  A0      : 0x800d7f2b  A1      : 0x3ffb94a0  
A2      : 0x3ffb0288  A3      : 0x00000000  A4      : 0x3ffb94c0  A5      : 0x3ffb94ea  
A6      : 0x00000000  A7      : 0x00000000  A8      : 0x800d884b  A9      : 0x3ffb9480  
A10     : 0x3ffb0289  A11     : 0x3f4011e0  A12     : 0x3ffb94c0  A13     : 0x3ffaff3c  
A14     : 0x3ffafa84  A15     : 0x00000000  SAR     : 0x0000001e  EXCCAUSE: 0x0000001c  
EXCVADDR: 0x00000000  LBEG    : 0x4000c46c  LEND    : 0x4000c477  LCOUNT  : 0xffffffff  


Backtrace: 0x400d8854:0x3ffb94a0 0x400d7f28:0x3ffb94c0 0x400d7d22:0x3ffb9510 0x400e6adc:0x3ffb9530 0x40086e41:0x3ffb9560




ELF file SHA256: 3147f15a0

Rebooting...
ets Jul 29 2019 12:21:46

rst:0xc (SW_CPU_RESET),boot:0x13 (SPI_FAST_FLASH_BOOT)
configsip: 0, SPIWP:0xee
clk_drv:0x00,q_drv:0x00,d_drv:0x00,cs0_drv:0x00,hd_drv:0x00,wp_drv:0x00
mode:DIO, clock div:2
load:0x3fff0030,len:7176
load:0x40078000,len:15564
ho 0 tail 12 room 4
load:0x40080400,len:4
load:0x40080404,len:3904
entry 0x40080640
[0;32mI (31) boot: ESP-IDF v5.3-dirty 2nd stage bootloader[0m
[0;32mI (31) boot: compile time Aug 20 2024 18:47:13[0m
[0;32mI (31) boot: Multicore bootloader[0m
[0;32mI (36) boot: chip revision: v3.1[0m
[0;32mI (39) boot.esp32: SPI Speed      : 40MHz[0m
[0;32mI (44) boot.esp32: SPI Mode       : DIO[0m
[0;32mI (49) boot.esp32: SPI Flash Size : 2MB[0m
[0;32mI (53) boot: Enabling RNG early entropy source...[0m
[0;32mI (59) boot: Partition Table:[0m
[0;32mI (62) boot: ## Label            Usage          Type ST Offset   Length[0m
