[0m
[0;32mI (36)ï¿½ets Jul 29 2019 12:21:46

rst:0x1 (POWERON_RESET),boot:0x13 (SPI_FAST_FLASH_BOOT)
configsip: 0, SPIWP:0xee
clk_drv:0x00,q_drv:0x00,d_drv:0x00,cs0_drv:0x00,hd_drv:0x00,wp_drv:0x00
mode:DIO, clock div:2
load:0x3fff0030,len:7176
load:0x40078000,len:15564
ho 0 tail 12 room 4
load:0x40080400,len:4
load:0x40080404,len:3904
entry 0x40080640
[0;32mI (31) boot: ESP-IDF v5.3-dirty 2nd stage bootloader[0m
[0;32mI (31) boot: compile time Sep 12 2024 10:41:02[0m
[0;32mI (31) boot: Multicore bootloader[0m
[0;32mI (36) boot: chip revision: v3.1[0m
[0;32mI (40) boot.esp32: SPI Speed      : 40MHz[0m
[0;32mI (44) boot.esp32: SPI Mode       : DIO[0m
[0;32mI (49) boot.esp32: SPI Flash Size : 2MB[0m
[0;32mI (53) boot: Enabling RNG early entropy source...[0m
[0;32mI (59) boot: Partition Table:[0m
[0;32mI (62) boot: ## Label            Usage          Type ST Offset   Length[0m
[0;32mI (70) boot:  0 nvs              WiFi data        01 02 00009000 00006000[0m
[0;32mI (77) boot:  1 phy_init         RF data          01 01 0000f000 00001000[0m
[0;32mI (84) boot:  2 factory          factory app      00 00 00010000 00100000[0m
[0;32mI (92) boot: End of partition table[0m
[0;32mI (96) esp_image: segment 0: paddr=00010020 vaddr=3f400020 size=0ad5ch ( 44380) map[0m
[0;32mI (120) esp_image: segment 1: paddr=0001ad84 vaddr=3ffb0000 size=05294h ( 21140) load[0m
[0;32mI (128) esp_image: segment 2: paddr=00020020 vaddr=400d0020 size=17474h ( 95348) map[0m
[0;32mI (161) esp_image: segment 3: paddr=0003749c vaddr=3ffb5294 size=020c0h (  8384) load[0m
[0;32mI (164) esp_image: segment 4: paddr=00039564 vaddr=40080000 size=0da84h ( 55940) load[0m
[0;32mI (197) boot: Loaded app from partition at offset 0x10000[0m
[0;32mI (197) boot: Disabling RNG early entropy source...[0m
[0;32mI (208) cpu_start: Multicore app[0m
[0;32mI (217) cpu_start: Pro cpu start user code[0m
[0;32mI (217) cpu_start: cpu freq: 160000000 Hz[0m
[0;32mI (217) app_init: Application information:[0m
[0;32mI (220) app_init: Project name:     esp_OTA_SMT32[0m
[0;32mI (225) app_init: App version:      3f69633-dirty[0m
[0;32mI (231) app_init: Compile time:     Sep 12 2024 10:40:15[0m
[0;32mI (237) app_init: ELF file SHA256:  dd925e8d5...[0m
[0;32mI (242) app_init: ESP-IDF:          v5.3-dirty[0m
[0;32mI (247) efuse_init: Min chip rev:     v0.0[0m
[0;32mI (252) efuse_init: Max chip rev:     v3.99 [0m
[0;32mI (257) efuse_init: Chip rev:         v3.1[0m
[0;32mI (262) heap_init: Initializing. RAM available for dynamic allocation:[0m
[0;32mI (269) heap_init: At 3FFAE6E0 len 00001920 (6 KiB): DRAM[0m
[0;32mI (275) heap_init: At 3FFB8230 len 00027DD0 (159 KiB): DRAM[0m
[0;32mI (281) heap_init: At 3FFE0440 len 00003AE0 (14 KiB): D/IRAM[0m
[0;32mI (288) heap_init: At 3FFE4350 len 0001BCB0 (111 KiB): D/IRAM[0m
[0;32mI (294) heap_init: At 4008DA84 len 0001257C (73 KiB): IRAM[0m
[0;32mI (302) spi_flash: detected chip: generic[0m
[0;32mI (305) spi_flash: flash io: dio[0m
[0;33mW (309) spi_flash: Detected size(4096k) larger than the size in the binary image header(2048k). Using the size in the binary image header.[0m
[0;32mI (323) main_task: Started on CPU0[0m
[0;32mI (333) main_task: Calling app_main()[0m
Length of commands in hex file: 8
Full hex file data:

:020000040800F2
:100000007006002089010008D70A0008610A00086C
:10001000D50A00088F020008410B0008000000000C
:10002000000000000000000000000000DB0A0008E3
:100030009102000800000000D90A0008DD0A00084B
:10004000A3010008A3010008A3010008A301000800
:10005000A3010008A3010008A3010008A3010008F0
:10006000A3010008A3010008A3010008A3010008E0


[0;32mI (363) ROW DATA FRAME: Processing row 0
[0m
Length of data in row 0: 7
Header Frame: 02 00 00 04 
Data Frame: 08 00 F2 
[0;32mI (373) OTA_HOST: ESP32 successfully sent the START command[0m
[0;32mI (2873) OTA_HOST: ESP32 successfully sent the START command[0m
[0;32mI (5373) OTA_HOST: ESP32 successfully sent the START command[0m
[0;32mI (7873) OTA_HOST: ESP32 successfully sent the START command[0m
[0;32mI (10373) OTA_HOST: ESP32 successfully sent the START command[0m
[0;32mI (12873) OTA_HOST: ESP32 successfully sent the START command[0m
[0;32mI (15373) OTA_HOST: ESP32 successfully sent the START command[0m
[0;32mI (17873) OTA_HOST: ESP32 successfully sent the START command[0m
[0;32mI (20373) OTA_HOST: ESP32 successfully sent the START command[0m
[0;32mI (22873) OTA_HOST: ESP32 successfully sent the START command[0m
[0;32mI (25373) OTA_HOST: ESP32 successfully sent the START command[0m
[0;32mI (27873) OTA_HOST: ESP32 successfully sent the START command[0m
[0;32mI (30373) OTA_HOST: ESP32 successfully sent the START command[0m
[0;32mI (32873) OTA_HOST: ESP32 successfully sent the START command[0m
[0;32mI (35373) OTA_HOST: ESP32 successfully sent the START command[0m
[0;32mI (37873) OTA_HOST: ESP32 successfully sent the START command[0m
[0;32mI (40373) OTA_HOST: ESP32 successfully sent the START command[0m
[0;32mI (42873) OTA_HOST: ESP32 successfully sent the START command[0m
[0;32mI (45373) OTA_HOST: ESP32 successfully sent the START command[0m
[0;32mI (47873) OTA_HOST: ESP32 successfully sent the START command[0m
[0;32mI (50373) OTA_HOST: ESP32 successfully sent the START command[0m
[0;32mI (52873) OTA_HOST: ESP32 successfully sent the START command[0m
[0;32mI (55373) OTA_HOST: ESP32 successfully sent the START command[0m
[0;32mI (57873) OTA_HOST: ESP32 successfully sent the START command[0m
[0;32mI (60373) OTA_HOST: ESP32 successfully sent the START command[0m
[0;32mI (62873) OTA_HOST: ESP32 successfully sent the START command[0m
[0;32mI (65373) OTA_HOST: ESP32 successfully sent the START command[0m
[0;32mI (67873) OTA_HOST: ESP32 successfully sent the START command[0m
[0;32mI (70373) OTA_HOST: ESP32 successfully sent the START command[0m
[0;32mI (72873) OTA_HOST: ESP32 successfully sent the START command[0m
STM32 receives the command successfully
Header Data: 02 00 00 04 
[0;32mI (76673) OTA_HOST: ESP32 successfully sent the HEADER command[0m
[0;32mI (79173) OTA_HOST: ESP32 successfully sent the HEADER command[0m
STM32 receives the command successfully
Main Data: 08 00 F2 
[0;32mI (82493) OTA_HOST: ESP32 successfully sent the DATA command[0m
[0;32mI (84993) OTA_HOST: ESP32 successfully sent the DATA command[0m
