ï¿½ï¿½      : DIO[0mï¿½ets Jul 29 2019 12:21:46

rst:0x1 (POWERON_RESET),boot:0x13 (SPI_FAST_FLASH_BOOT)
configsip: 0, SPIWP:0xee
clk_drv:0x00,q_drv:0x00,d_drv:0x00,cs0_drv:0x00,hd_drv:0x00,wp_drv:0x00
mode:DIO, clock div:2
load:0x3fff0030,len:7176
load:0x40078000,len:15564
ho 0 tail 12 room 4
load:0x40080400,len:4
load:0x40080404,len:3904
entry 0x40080640
[0;32mI (31) boot: ESP-IDF v5.3-dirty 2nd stage bootloader[0m
[0;32mI (31) boot: compile time Aug 20 2024 18:47:13[0m
[0;32mI (31) boot: Multicore bootloader[0m
[0;32mI (36) boot: chip revision: v3.1[0m
[0;32mI (40) boot.esp32: SPI Speed      : 40MHz[0m
[0;32mI (44) boot.esp32: SPI Mode       : DIO[0m
[0;32mI (49) boot.esp32: SPI Flash Size : 2MB[0m
[0;32mI (53) boot: Enabling RNG early entropy source...[0m
[0;32mI (59) boot: Partition Table:[0m
[0;32mI (62) boot: ## Label            Usage          Type ST Offset   Length[0m
[0;32mI (70) boot:  0 nvs              WiFi data        01 02 00009000 00006000[0m
[0;32mI (77) boot:  1 phy_init         RF data          01 01 0000f000 00001000[0m
[0;32mI (84) boot:  2 factory          factory app      00 00 00010000 00100000[0m
[0;32mI (92) boot: End of partition table[0m
[0;32mI (96) esp_image: segment 0: paddr=00010020 vaddr=3f400020 size=0a92ch ( 43308) map[0m
[0;32mI (120) esp_image: segment 1: paddr=0001a954 vaddr=3ffb0000 size=056c4h ( 22212) load[0m
[0;32mI (128) esp_image: segment 2: paddr=00020020 vaddr=400d0020 size=1677ch ( 92028) map[0m
[0;32mI (160) esp_image: segment 3: paddr=000367a4 vaddr=3ffb56c4 size=01c90h (  7312) load[0m
[0;32mI (163) esp_image: segment 4: paddr=0003843c vaddr=40080000 size=0d9fch ( 55804) load[0m
[0;32mI (196) boot: Loaded app from partition at offset 0x10000[0m
[0;32mI (196) boot: Disabling RNG early entropy source...[0m
[0;32mI (207) cpu_start: Multicore app[0m
[0;32mI (216) cpu_start: Pro cpu start user code[0m
[0;32mI (216) cpu_start: cpu freq: 160000000 Hz[0m
[0;32mI (216) app_init: Application information:[0m
[0;32mI (219) app_init: Project name:     esp_OTA_SMT32[0m
[0;32mI (224) app_init: App version:      1[0m
[0;32mI (229) app_init: Compile time:     Aug 25 2024 07:28:29[0m
[0;32mI (235) app_init: ELF file SHA256:  25058a69d...[0m
[0;32mI (240) app_init: ESP-IDF:          v5.3-dirty[0m
[0;32mI (245) efuse_init: Min chip rev:     v0.0[0m
[0;32mI (250) efuse_init: Max chip rev:     v3.99 [0m
[0;32mI (255) efuse_init: Chip rev:         v3.1[0m
[0;32mI (260) heap_init: Initializing. RAM available for dynamic allocation:[0m
[0;32mI (267) heap_init: At 3FFAE6E0 len 00001920 (6 KiB): DRAM[0m
[0;32mI (273) heap_init: At 3FFB7E30 len 000281D0 (160 KiB): DRAM[0m
[0;32mI (279) heap_init: At 3FFE0440 len 00003AE0 (14 KiB): D/IRAM[0m
[0;32mI (285) heap_init: At 3FFE4350 len 0001BCB0 (111 KiB): D/IRAM[0m
[0;32mI (292) heap_init: At 4008D9FC len 00012604 (73 KiB): IRAM[0m
[0;32mI (300) spi_flash: detected chip: generic[0m
[0;32mI (303) spi_flash: flash io: dio[0m
[0;33mW (307) spi_flash: Detected size(4096k) larger than the size in the binary image header(2048k). Using the size in the binary image header.[0m
[0;32mI (320) main_task: Started on CPU0[0m
[0;32mI (330) main_task: Calling app_main()[0m
02 00 00 04 08 00 F2 
10 00 00 00 20 00 06 70 08 00 01 89 08 00 0A D7 08 00 0A 61 6C 
10 00 10 00 08 00 0A D5 08 00 02 8F 08 00 0B 41 00 00 00 00 0C 
10 00 20 00 00 00 00 00 00 00 00 00 00 00 00 00 08 00 0A DB E3 
10 00 30 00 08 00 02 91 00 00 00 00 08 00 0A D9 08 00 0A DD 4B 
10 00 40 00 08 00 01 A3 08 00 01 A3 08 00 01 A3 08 00 01 A3 00 
10 00 50 00 08 00 01 A3 08 00 01 A3 08 00 01 A3 08 00 01 A3 F0 
10 00 60 00 08 00 01 A3 08 00 01 A3 08 00 01 A3 08 00 01 A3 E0 
[0;32mI (360) ROW DATA FRAME: ROW 0
[0m
length line: 7
length command: 8
HEADER Frame: 02 00 00 04 
DATA Frame: 08 00 F2 
[0;32mI (380) ROW DATA FRAME: ROW 1
[0m
length line: 21
length command: 8
HEADER Frame: 0B 9F B9 13 
DATA Frame: EB 9F 3E 7C 44 7E FB 3F 40 AA FB 3F CD 12 44 A0 98 

assert failed: heap_caps_free heap_caps_base.c:69 (heap != NULL && "free() target pointer is outside heap areas")


Backtrace: 0x4008191a:0x3ffb8f20 0x40086395:0x3ffb8f40 0x4008c411:0x3ffb8f60 0x40082105:0x3ffb9080 0x4008c42d:0x3ffb90a0 0x400d7a1c:0x3ffb90c0 0x400d78ba:0x3ffb9100 0x400e5e10:0x3ffb9120 0x40086db9:0x3ffb9150




ELF file SHA256: 25058a69d

Rebooting...
ets Jul 29 2019 12:21:46

rst:0xc (SW_CPU_RESET),boot:0x13 (SPI_FAST_FLASH_BOOT)
configsip: 0, SPIWP:0xee
clk_drv:0x00,q_drv:0x00,d_drv:0x00,cs0_drv:0x00,hd_drv:0x00,wp_drv:0x00
mode:DIO, clock div:2
load:0x3fff0030,len:7176
load:0x40078000,len:15564
ho 0 tail 12 room 4
load:0x40080400,len:4
load:0x40080404,len:3904
entry 0x40080640
[0;32mI (31) boot: ESP-IDF v5.3-dirty 2nd stage bootloader[0m
[0;32mI (31) boot: compile time Aug 20 2024 18:47:13[0m
[0;32mI (31) boot: Multicore bootloader[0m
[0;32mI (36) boot: chip revision: v3.1[0m
[0;32mI (39) boot.esp32: SPI Speed      : 40MHz[0m
[0;32mI (44) boot.esp32: SPI Mode       : DIO[0m
[0;32mI (49) boot.esp32: SPI Flash Size : 2MB[0m
[0;32mI (53) boot: Enabling RNG early entropy source...[0m
[0;32mI (59) boot: Partition Table:[0m
[0;32mI (62) boot: ## Label            Usage          Type ST Offset   Length[0m
[0;32mI (69) boot:  0 nvs              WiFi data        01 02 00009000 00006000[0m
[0;32mI (77) boot:  1 phy_init         RF data          01 01 0000f000 00001000[0m
[0;32mI (84) boot:  2 factory          factory app      00 00 00010000 00100000[0m
[0;32mI (92) boot: End of partition table[0m
[0;32mI (96) esp_image: segment 0: paddr=00010020 vaddr=3f400020 size=0a92ch ( 43308) map[0m
[0;32mI (119) esp_image: segment 1: paddr=0001a954 vaddr=3ffb0000 size=056c4h ( 22212) load[0m
[0;32mI (128) esp_image: segment 2: paddr=00020020 vaddr=400d0020 size=1677ch ( 92028) map[0m
[0;32mI (160) esp_image: segment 3: paddr=000367a4 vaddr=3ffb56c4 size=01c90h (  7312) load[0m
[0;32mI (163) esp_image: segment 4: paddr=0003843c vaddr=40080000 size=0d9fch ( 55804) load[0m
[0;32mI (195) boot: Loaded app from partition at offset 0x10000[0m
[0;32mI (196) boot: Disabling RNG early entropy source...[0m
[0;32mI (207) cpu_start: Multicore app[0m
[0;32mI (216) cpu_start: Pro cpu start user code[0m
[0;32mI (216) cpu_start: cpu freq: 160000000 Hz[0m
[0;32mI (216) app_init: Application information:[0m
[0;32mI (219) app_init: Project name:     esp_OTA_SMT32[0m
[0;32mI (224) app_init: App version:      1[0m
[0;32mI (229) app_init: Compile time:     Aug 25 2024 07:28:29[0m
[0;32mI (235) app_init: ELF file SHA256:  25058a69d...[0m
[0;32mI (240) app_init: ESP-IDF:          v5.3-dirty[0m
[0;32mI (245) efuse_init: Min chip rev:     v0.0[0m
[0;32mI (250) efuse_init: Max chip rev:     v3.99 [0m
[0;32mI (255) efuse_init: Chip rev:         v3.1[0m
[0;32mI (260) heap_init: Initializing. RAM available for dynamic allocation:[0m
[0;32mI (267) heap_init: At 3FFAE6E0 len 00001920 (6 KiB): DRAM[0m
[0;32mI (273) heap_init: At 3FFB7E30 len 000281D0 (160 KiB): DRAM[0m
[0;32mI (279) heap_init: At 3FFE0440 len 00003AE0 (14 KiB): D/IRAM[0m
[0;32mI (285) heap_init: At 3FFE4350 len 0001BCB0 (111 KiB): D/IRAM[0m
[0;32mI (292) heap_init: At 4008D9FC len 00012604 (73 KiB): IRAM[0m
[0;32mI (300) spi_flash: detected chip: generic[0m
[0;32mI (303) spi_flash: flash io: dio[0m
[0;33mW (307) spi_flash: Detected size(4096k) larger than the size in the binary image header(2048k). Using the size in the binary image header.[0m
[0;32mI (320) main_task: Started on CPU0[0m
[0;32mI (330) main_task: Calling app_main()[0m
02 00 00 04 08 00 F2 
10 00 00 00 20 00 06 70 08 00 01 89 08 00 0A D7 08 00 0A 61 6C 
10 00 10 00 08 00 0A D5 08 00 02 8F 08 00 0B 41 00 00 00 00 0C 
10 00 20 00 00 00 00 00 00 00 00 00 00 00 00 00 08 00 0A DB E3 
10 00 30 00 08 00 02 91 00 00 00 00 08 00 0A D9 08 00 0A DD 4B 
10 00 40 00 08 00 01 A3 08 00 01 A3 08 00 01 A3 08 00 01 A3 00 
10 00 50 00 08 00 01 A3 08 00 01 A3 08 00 01 A3 08 00 01 A3 F0 
10 00 60 00 08 00 01 A3 08 00 01 A3 08 00 01 A3 08 00 01 A3 E0 
[0;32mI (360) ROW DATA FRAME: ROW 0
[0m
length line: 7
length command: 8
HEADER Frame: 02 00 00 04 
DATA Frame: 08 00 F2 
[0;32mI (380) ROW DATA FRAME: ROW 1
[0m
length line: 21
length command: 8
HEADER Frame: 0B 9F B9 13 
DATA Frame: EB 9F 3E 7C 44 7E FB 3F 40 AA FB 3F CD 12 44 A0 98 

assert failed: heap_caps_free heap_caps_base.c:69 (heap != NULL && "free() target pointer is outside heap areas")


Backtrace: 0x4008191a:0x3ffb8f20 0x40086395:0x3ffb8f40 0x4008c411:0x3ffb8f60 0x40082105:0x3ffb9080 0x4008c42d:0x3ffb90a0 0x400d7a1c:0x3ffb90c0 0x400d78ba:0x3ffb9100 0x400e5e10:0x3ffb9120 0x40086db9:0x3ffb9150




ELF file SHA256: 25058a69d

Rebooting...
ets Jul 29 2019 12:21:46

rst:0xc (SW_CPU_RESET),boot:0x13 (SPI_FAST_FLASH_BOOT)
configsip: 0, SPIWP:0xee
clk_drv:0x00,q_drv:0x00,d_drv:0x00,cs0_drv:0x00,hd_drv:0x00,wp_drv:0x00
mode:DIO, clock div:2
load:0x3fff0030,len:7176
load:0x40078000,len:15564
ho 0 tail 12 room 4
load:0x40080400,len:4
load:0x40080404,len:3904
entry 0x40080640
[0;32mI (31) boot: ESP-IDF v5.3-dirty 2nd stage bootloader[0m
[0;32mI (31) boot: compile time Aug 20 2024 18:47:13[0m
[0;32mI (31) boot: Multicore bootloader[0m
[0;32mI (36) boot: chip revision: v3.1[0m
[0;32mI (39) boot.esp32: SPI Speed      : 40MHz[0m
[0;32mI (44) boot.esp32: SPI Mode       : DIO[0m
[0;32mI (49) boot.esp32: SPI Flash Size : 2MB[0m
[0;32mI (53) boot: Enabling RNG early entropy source...[0m
[0;32mI (59) boot: Partition Table:[0m
[0;32mI (62) boot: ## Label            Usage          Type ST Offset   Length[0m
[0;32mI (69) boot:  0 nvs              WiFi data        01 02 00009000 00006000[0m
[0;32mI (77) boot:  1 phy_init         RF data          01 01 0000f000 00001000[0m
[0;32mI (84) boot:  2 factory          factory app      00 00 00010000 00100000[0m
[0;32mI (92) boot: End of partition table[0m
[0;32mI (96) esp_image: segment 0: paddr=00010020 vaddr=3f400020 size=0a92ch ( 43308) map[0m
[0;32mI (119) esp_image: segment 1: paddr=0001a954 vaddr=3ffb0000 size=056c4h ( 22212) load[0m
[0;32mI (128) esp_image: segment 2: paddr=00020020 vaddr=400d0020 size=1677ch ( 92028) map[0m
[0;32mI (160) esp_image: segment 3: paddr=000367a4 vaddr=3ffb56c4 size=01c90h (  7312) load[0m
[0;32mI (163) esp_image: segment 4: paddr=0003843c vaddr=40080000 size=0d9fch ( 55804) load[0m
[0;32mI (195) boot: Loaded app from partition at offset 0x10000[0m
[0;32mI (196) boot: Disabling RNG early entropy source...[0m
[0;32mI (207) cpu_start: Multicore app[0m
[0;32mI (216) cpu_start: Pro cpu start user code[0m
[0;32mI (216) cpu_start: cpu freq: 160000000 Hz[0m
[0;32mI (216) app_init: Application information:[0m
[0;32mI (219) app_init: Project name:     esp_OTA_SMT32[0m
[0;32mI (224) app_init: App version:      1[0m
[0;32mI (229) app_init: Compile time:     Aug 25 2024 07:28:29[0m
[0;32mI (235) app_init: ELF file SHA256:  25058a69d...[0m
[0;32mI (240) app_init: ESP-IDF:          v5.3-dirty[0m
[0;32mI (245) efuse_init: Min chip rev:     v0.0[0m
[0;32mI (250) efuse_init: Max chip rev:     v3.99 [0m
[0;32mI (255) efuse_init: Chip rev:         v3.1[0m
[0;32mI (260) heap_init: Initializing. RAM available for dynamic allocation:[0m
[0;32mI (267) heap_init: At 3FFAE6E0 len 00001920 (6 KiB): DRAM[0m
[0;32mI (273) heap_init: At 3FFB7E30 len 000281D0 (160 KiB): DRAM[0m
[0;32mI (279) heap_init: At 3FFE0440 len 00003AE0 (14 KiB): D/IRAM[0m
[0;32mI (285) heap_init: At 3FFE4350 len 0001BCB0 (111 KiB): D/IRAM[0m
[0;32mI (292) heap_init: At 4008D9FC len 00012604 (73 KiB): IRAM[0m
[0;32mI (300) spi_flash: detected chip: generic[0m
[0;32mI (303) spi_flash: flash io: dio[0m
[0;33mW (307) spi_flash: Detected size(4096k) larger than the size in the binary image header(2048k). Using the size in the binary image header.[0m
[0;32mI (320) main_task: Started on CPU0[0m
[0;32mI (330) main_task: Calling app_main()[0m
02 00 00 04 08 00 F2 
10 00 00 00 20 00 06 70 08 00 01 89 08 00 0A D7 08 00 0A 61 6C 
10 00 10 00 08 00 0A D5 08 00 02 8F 08 00 0B 41 00 00 00 00 0C 
10 00 20 00 00 00 00 00 00 00 00 00 00 00 00 00 08 00 0A DB E3 
10 00 30 00 08 00 02 91 00 00 00 00 08 00 0A D9 08 00 0A DD 4B 
10 00 40 00 08 00 01 A3 08 00 01 A3 08 00 01 A3 08 00 01 A3 00 
10 00 50 00 08 00 01 A3 08 00 01 A3 08 00 01 A3 08 00 01 A3 F0 
10 00 60 00 08 00 01 A3 08 00 01 A3 08 00 01 A3 08 00 01 A3 E0 
[0;32mI (360) ROW DATA FRAME: ROW 0
[0m
length line: 7
length command: 8
HEADER Frame: 02 00 00 04 
DATA Frame: 08 00 F2 
[0;32mI (380) ROW DATA FRAME: ROW 1
[0m
length line: 21
length command: 8
HEADER Frame: 0B 9F B9 13 
DATA Frame: EB 9F 3E 7C 44 7E FB 3F 40 AA FB 3F CD 12 44 A0 98 

assert failed: heap_caps_free heap_caps_base.c:69 (heap != NULL && "free() target pointer is outside heap areas")


Backtrace: 0x4008191a:0x3ffb8f20 0x40086395:0x3ffb8f40 0x4008c411:0x3ffb8f60 0x40082105:0x3ffb9080 0x4008c42d:0x3ffb90a0 0x400d7a1c:0x3ffb90c0 0x400d78ba:0x3ffb9100 0x400e5e10:0x3ffb9120 0x40086db9:0x3ffb9150




ELF file SHA256: 25058a69d

Rebooting...
ets Jul 29 2019 12:21:46

rst:0xc (SW_CPU_RESET),boot:0x13 (SPI_FAST_FLASH_BOOT)
configsip: 0, SPIWP:0xee
clk_drv:0x00,q_drv:0x00,d_drv:0x00,cs0_drv:0x00,hd_drv:0x00,wp_drv:0x00
mode:DIO, clock div:2
load:0x3fff0030,len:7176
load:0x40078000,len:15564
ho 0 tail 12 room 4
load:0x40080400,len:4
load:0x40080404,len:3904
entry 0x40080640
[0;32mI (31) boot: ESP-IDF v5.3-dirty 2nd stage bootloader[0m
[0;32mI (31) boot: compile time Aug 20 2024 18:47:13[0m
[0;32mI (31) boot: Multicore bootloader[0m
[0;32mI (36) boot: chip revision: v3.1[0m
[0;32mI (39) boot.esp32: SPI Speed      : 40MHz[0m
[0;32mI (44) boot.esp32: SPI Mode       : DIO[0m
[0;32mI (49) boot.esp32: SPI Flash Size : 2MB[0m
[0;32mI (53) boot: Enabling RNG early entropy source...[0m
[0;32mI (59) boot: Partition Table:[0m
[0;32mI (62) boot: ## Label            Usage          Type ST Offset   Length[0m
[0;32mI (69) boot:  0 nvs              WiFi data        01 02 00009000 00006000[0m
[0;32mI (77) boot:  1 phy_init         RF data          01 01 0000f000 00001000[0m
[0;32mI (84) boot:  2 factory          factory app      00 00 00010000 00100000[0m
[0;32mI (92) boot: End of partition table[0m
[0;32mI (96) esp_image: segment 0: paddr=00010020 vaddr=3f400020 size=0a92ch ( 43308) map[0m
[0;32mI (119) esp_image: segment 1: paddr=0001a954 vaddr=3ffb0000 size=056c4h ( 22212) load[0m
[0;32mI (128) esp_image: segment 2: paddr=00020020 vaddr=400d0020 size=1677ch ( 92028) map[0m
[0;32mI (160) esp_image: segment 3: paddr=000367a4 vaddr=3ffb56c4 size=01c90h (  7312) load[0m
[0;32mI (163) esp_image: segment 4: paddr=0003843c vaddr=40080000 size=0d9fch ( 55804) load[0m
[0;32mI (195) boot: Loaded app from partition at offset 0x10000[0m
[0;32mI (196) boot: Disabling RNG early entropy source...[0m
[0;32mI (207) cpu_start: Multicore app[0m
[0;32mI (216) cpu_start: Pro cpu start user code[0m
[0;32mI (216) cpu_start: cpu freq: 160000000 Hz[0m
[0;32mI (216) app_init: Application information:[0m
[0;32mI (219) app_init: Project name:     esp_OTA_SMT32[0m
[0;32mI (224) app_init: App version:      1[0m
[0;32mI (229) app_init: Compile time:     Aug 25 2024 07:28:29[0m
[0;32mI (235) app_init: ELF file SHA256:  25058a69d...[0m
[0;32mI (240) app_init: ESP-IDF:          v5.3-dirty[0m
[0;32mI (245) efuse_init: Min chip rev:     v0.0[0m
[0;32mI (250) efuse_init: Max chip rev:     v3.99 [0m
[0;32mI (255) efuse_init: Chip rev:         v3.1[0m
[0;32mI (260) heap_init: Initializing. RAM available for dynamic allocation:[0m
[0;32mI (267) heap_init: At 3FFAE6E0 len 00001920 (6 KiB): DRAM[0m
[0;32mI (273) heap_init: At 3FFB7E30 len 000281D0 (160 KiB): DRAM[0m
[0;32mI (279) heap_init: At 3FFE0440 len 00003AE0 (14 KiB): D/IRAM[0m
[0;32mI (285) heap_init: At 3FFE4350 len 0001BCB0 (111 KiB): D/IRAM[0m
[0;32mI (292) heap_init: At 4008D9FC len 00012604 (73 KiB): IRAM[0m
[0;32mI (299) spi_flash: detected chip: generic[0m
[0;32mI (303) spi_flash: flash io: dio[0m
[0;33mW (307) spi_flash: Detected size(4096k) larger than the size in the binary image header(2048k). Using the size in the binary image header.[0m
[0;32mI (320) main_task: Started on CPU0[0m
[0;32mI (330) main_task: Calling app_main()[0m
02 00 00 04 08 00 F2 
10 00 00 00 20 00 06 70 08 00 01 89 08 00 0A D7 08 00 0A 61 6C 
10 00 10 00 08 00 0A D5 08 00 02 8F 08 00 0B 41 00 00 00 00 0C 
10 00 20 00 00 00 00 00 00 00 00 00 00 00 00 00 08 00 0A DB E3 
10 00 30 00 08 00 02 91 00 00 00 00 08 00 0A D9 08 00 0A DD 4B 
10 00 40 00 08 00 01 A3 08 00 01 A3 08 00 01 A3 08 00 01 A3 00 
10 00 50 00 08 00 01 A3 08 00 01 A3 08 00 01 A3 08 00 01 A3 F0 
10 00 60 00 08 00 01 A3 08 00 01 A3 08 00 01 A3 08 00 01 A3 E0 
[0;32mI (360) ROW DATA FRAME: ROW 0
[0m
length line: 7
length command: 8
HEADER Frame: 02 00 00 04 
DATA Frame: 08 00 F2 
[0;32mI (380) ROW DATA FRAME: ROW 1
[0m
length line: 21
length command: 8
HEADER Frame: 0B 9F B9 13 
DATA Frame: EB 9F 3E 7C 44 7E FB 3F 40 AA FB 3F CD 12 44 A0 98 

assert failed: heap_caps_free heap_caps_base.c:69 (heap != NULL && "free() target pointer is outside heap areas")


Backtrace: 0x4008191a:0x3ffb8f20 0x40086395:0x3ffb8f40 0x4008c411:0x3ffb8f60 0x40082105:0x3ffb9080 0x4008c42d:0x3ffb90a0 0x400d7a1c:0x3ffb90c0 0x400d78ba:0x3ffb9100 0x400e5e10:0x3ffb9120 0x40086db9:0x3ffb9150




ELF file SHA256: 25058a69d

Rebooting...
ets Jul 29 2019 12:21:46

rst:0xc (SW_CPU_RESET),boot:0x13 (SPI_FAST_FLASH_BOOT)
configsip: 0, SPIWP:0xee
clk_drv:0x00,q_drv:0x00,d_drv:0x00,cs0_drv:0x00,hd_drv:0x00,wp_drv:0x00
mode:DIO, clock div:2
load:0x3fff0030,len:7176
load:0x40078000,len:15564
ho 0 tail 12 room 4
load:0x40080400,len:4
load:0x40080404,len:3904
entry 0x40080640
[0;32mI (31) boot: ESP-IDF v5.3-dirty 2nd stage bootloader[0m
[0;32mI (31) boot: compile time Aug 20 2024 18:47:13[0m
[0;32mI (31) boot: Multicore bootloader[0m
[0;32mI (36) boot: chip revision: v3.1[0m
[0;32mI (39) boot.esp32: SPI Speed      : 40MHz[0m
[0;32mI (44) boot.esp32: SPI Mode       : DIO[0m
[0;32mI (49) boot.esp32: SPI Flash Size : 2MB[0m
[0;32mI (53) boot: Enabling RNG early entropy source...[0m
[0;32mI (59) boot: Partition Table:[0m
[0;32mI (62) boot: ## Label            Usage          Type ST Offset   Length[0m
[0;32mI (69) boot:  0 nvs              WiFi data        01 02 00009000 00006000[0m
[0;32mI (77) boot:  1 phy_init         RF data          01 01 0000f000 00001000[0m
[0;32mI (84) boot:  2 factory          factory app      00 00 00010000 00100000[0m
[0;32mI (92) boot: End of partition table[0m
[0;32mI (96) esp_image: segment 0: paddr=00010020 vaddr=3f400020 size=0a92ch ( 43308) map[0m
[0;32mI (119) esp_image: segment 1: paddr=0001a954 vaddr=3ffb0000 size=056c4h ( 22212) load[0m
[0;32mI (128) esp_image: segment 2: paddr=00020020 vaddr=400d0020 size=1677ch ( 92028) map[0m
[0;32mI (160) esp_image: segment 3: paddr=000367a4 vaddr=3ffb56c4 size=01c90h (  7312) load[0m
[0;32mI (163) esp_image: segment 4: paddr=0003843c vaddr=40080000 size=0d9fch ( 55804) load[0m
[0;32mI (195) boot: Loaded app from partition at offset 0x10000[0m
[0;32mI (196) boot: Disabling RNG early entropy source...[0m
[0;32mI (207) cpu_start: Multicore app[0m
[0;32mI (216) cpu_start: Pro cpu start user code[0m
[0;32mI (216) cpu_start: cpu freq: 160000000 Hz[0m
[0;32mI (216) app_init: Application information:[0m
[0;32mI (219) app_init: Project name:     esp_OTA_SMT32[0m
[0;32mI (224) app_init: App version:      1[0m
[0;32mI (229) app_init: Compile time:     Aug 25 2024 07:28:29[0m
[0;32mI (235) app_init: ELF file SHA256:  25058a69d...[0m
[0;32mI (240) app_init: ESP-IDF:          v5.3-dirty[0m
[0;32mI (245) efuse_init: Min chip rev:     v0.0[0m
[0;32mI (250) efuse_init: Max chip rev:     v3.99 [0m
[0;32mI (255) efuse_init: Chip rev:         v3.1[0m
[0;32mI (260) heap_init: Initializing. RAM available for dynamic allocation:[0m
[0;32mI (267) heap_init: At 3FFAE6E0 len 00001920 (6 KiB): DRAM[0m
[0;32mI (273) heap_init: At 3FFB7E30 len 000281D0 (160 KiB): DRAM[0m
[0;32mI (279) heap_init: At 3FFE0440 len 00003AE0 (14 KiB): D/IRAM[0m
[0;32mI (285) heap_init: At 3FFE4350 len 0001BCB0 (111 KiB): D/IRAM[0m
[0;32mI (292) heap_init: At 4008D9FC len 00012604 (73 KiB): IRAM[0m
[0;32mI (300) spi_flash: detected chip: generic[0m
[0;32mI (303) spi_flash: flash io: dio[0m
[0;33mW (307) spi_flash: Detected size(4096k) larger than the size in the binary image header(2048k). Using the size in the binary image header.[0m
[0;32mI (320) main_task: Started on CPU0[0m
[0;32mI (330) main_task: Calling app_main()[0m
02 00 00 04 08 00 F2 
10 00 00 00 20 00 06 70 08 00 01 89 08 00 0A D7 08 00 0A 61 6C 
10 00 10 00 08 00 0A D5 08 00 02 8F 08 00 0B 41 00 00 00 00 0C 
10 00 20 00 00 00 00 00 00 00 00 00 00 00 00 00 08 00 0A DB E3 
10 00 30 00 08 00 02 91 00 00 00 00 08 00 0A D9 08 00 0A DD 4B 
10 00 40 00 08 00 01 A3 08 00 01 A3 08 00 01 A3 08 00 01 A3 00 
10 00 50 00 08 00 01 A3 08 00 01 A3 08 00 01 A3 08 00 01 A3 F0 
10 00 60 00 08 00 01 A3 08 00 01 A3 08 00 01 A3 08 00 01 A3 E0 
[0;32mI (360) ROW DATA FRAME: ROW 0
[0m
length line: 7
length command: 8
HEADER Frame: 02 00 00 04 
DATA Frame: 08 00 F2 
[0;32mI (380) ROW DATA FRAME: ROW 1
[0m
length line: 21
length command: 8
HEADER Frame: 0B 9F B9 13 
DATA Frame: EB 9F 3E 7C 44 7E FB 3F 40 AA FB 3F CD 12 44 A0 98 

assert failed: heap_caps_free heap_caps_base.c:69 (heap != NULL && "free() target pointer is outside heap areas")


Backtrace: 0x4008191a:0x3ffb8f20 0x40086395:0x3ffb8f40 0x4008c411:0x3ffb8f60 0x40082105:0x3ffb9080 0x4008c42d:0x3ffb90a0 0x400d7a1c:0x3ffb90c0 0x400d78ba:0x3ffb9100 0x400e5e10:0x3ffb9120 0x40086db9:0x3ffb9150




ELF file SHA256: 25058a69d

Rebooting...
ets Jul 29 2019 12:21:46

rst:0xc (SW_CPU_RESET),boot:0x13 (SPI_FAST_FLASH_BOOT)
configsip: 0, SPIWP:0xee
clk_drv:0x00,q_drv:0x00,d_drv:0x00,cs0_drv:0x00,hd_drv:0x00,wp_drv:0x00
mode:DIO, clock div:2
load:0x3fff0030,len:7176
load:0x40078000,len:15564
ho 0 tail 12 room 4
load:0x40080400,len:4
load:0x40080404,len:3904
entry 0x40080640
[0;32mI (31) boot: ESP-IDF v5.3-dirty 2nd stage bootloader[0m
[0;32mI (31) boot: compile time Aug 20 2024 18:47:13[0m
[0;32mI (31) boot: Multicore bootloader[0m
[0;32mI (36) boot: chip revision: v3.1[0m
[0;32mI (39) boot.esp32: SPI Speed      : 40MHz[0m
[0;32mI (44) boot.esp32: SPI Mode       : DIO[0m
[0;32mI (49) boot.esp32: SPI Flash Size : 2MB[0m
[0;32mI (53) boot: Enabling RNG early entropy source...[0m
[0;32mI (59) boot: Partition Table:[0m
[0;32mI (62) boot: ## Label            Usage          Type ST Offset   Length[0m
[0;32mI (69) boot:  0 nvs              WiFi data        01 02 00009000 00006000[0m
[0;32mI (77) boot:  1 phy_init         RF data          01 01 0000f000 00001000[0m
[0;32mI (84) boot:  2 factory          factory app      00 00 00010000 00100000[0m
[0;32mI (92) boot: End of partition table[0m
[0;32mI (96) esp_image: segment 0: paddr=00010020 vaddr=3f400020 size=0a92ch ( 43308) map[0m
[0;32mI (119) esp_image: segment 1: paddr=0001a954 vaddr=3ffb0000 size=056c4h ( 22212) load[0m
[0;32mI (128) esp_image: segment 2: paddr=00020020 vaddr=400d0020 size=1677ch ( 92028) map[0m
[0;32mI (160) esp_image: segment 3: paddr=000367a4 vaddr=3ffb56c4 size=01c90h (  7312) load[0m
[0;32mI (163) esp_image: segment 4: paddr=0003843c vaddr=40080000 size=0d9fch ( 55804) load[0m
[0;32mI (195) boot: Loaded app from partition at offset 0x10000[0m
[0;32mI (196) boot: Disabling RNG early entropy source...[0m
[0;32mI (207) cpu_start: Multicore app[0m
[0;32mI (216) cpu_start: Pro cpu start user code[0m
[0;32mI (216) cpu_start: cpu freq: 160000000 Hz[0m
[0;32mI (216) app_init: Application information:[0m
[0;32mI (219) app_init: Project name:     esp_OTA_SMT32[0m
[0;32mI (224) app_init: App version:      1[0m
[0;32mI (229) app_init: Compile time:     Aug 25 2024 07:28:29[0m
[0;32mI (235) app_init: ELF file SHA256:  25058a69d...[0m
[0;32mI (240) app_init: ESP-IDF:          v5.3-dirty[0m
[0;32mI (245) efuse_init: Min chip rev:     v0.0[0m
[0;32mI (250) efuse_init: Max chip rev:     v3.99 [0m
[0;32mI (255) efuse_init: Chip rev:         v3.1[0m
[0;32mI (260) heap_init: Initializing. RAM available for dynamic allocation:[0m
[0;32mI (267) heap_init: At 3FFAE6E0 len 00001920 (6 KiB): DRAM[0m
[0;32mI (273) heap_init: At 3FFB7E30 len 000281D0 (160 KiB): DRAM[0m
[0;32mI (279) heap_init: At 3FFE0440 len 00003AE0 (14 KiB): D/IRAM[0m
[0;32mI (285) heap_init: At 3FFE4350 len 0001BCB0 (111 KiB): D/IRAM[0m
[0;32mI (292) heap_init: At 4008D9FC len 00012604 (73 KiB): IRAM[0m
[0;32mI (300) spi_flash: detected chip: generic[0m
[0;32mI (303) spi_flash: flash io: dio[0m
[0;33mW (307) spi_flash: Detected size(4096k) larger than the size in the binary image header(2048k). Using the size in the binary image header.[0m
[0;32mI (320) main_task: Started on CPU0[0m
[0;32mI (330) main_task: Calling app_main()[0m
02 00 00 04 08 00 F2 
10 00 00 00 20 00 06 70 08 00 01 89 08 00 0A D7 08 00 0A 61 6C 
10 00 10 00 08 00 0A D5 08 00 02 8F 08 00 0B 41 00 00 00 00 0C 
10 00 20 00 00 00 00 00 00 00 00 00 00 00 00 00 08 00 0A DB E3 
10 00 30 00 08 00 02 91 00 00 00 00 08 00 0A D9 08 00 0A DD 4B 
10 00 40 00 08 00 01 A3 08 00 01 A3 08 00 01 A3 08 00 01 A3 00 
10 00 50 00 08 00 01 A3 08 00 01 A3 08 00 01 A3 08 00 01 A3 F0 
10 00 60 00 08 00 01 A3 08 00 01 A3 08 00 01 A3 08 00 01 A3 E0 
[0;32mI (360) ROW DATA FRAME: ROW 0
[0m
length line: 7
length command: 8
HEADER Frame: 02 00 00 04 
DATA Frame: 08 00 F2 
[0;32mI (380) ROW DATA FRAME: ROW 1
[0m
length line: 21
length command: 8
HEADER Frame: 0B 9F B9 13 
DATA Frame: EB 9F 3E 7C 44 7E FB 3F 40 AA FB 3F CD 12 44 A0 98 

assert failed: heap_caps_free heap_caps_base.c:69 (heap != NULL && "free() target pointer is outside heap areas")


Backtrace: 0x4008191a:0x3ffb8f20 0x40086395:0x3ffb8f40 0x4008c411:0x3ffb8f60 0x40082105:0x3ffb9080 0x4008c42d:0x3ffb90a0 0x400d7a1c:0x3ffb90c0 0x400d78ba:0x3ffb9100 0x400e5e10:0x3ffb9120 0x40086db9:0x3ffb9150




ELF file SHA256: 25058a69d

Rebooting...
ets Jul 29 2019 12:21:46

rst:0xc (SW_CPU_RESET),boot:0x13 (SPI_FAST_FLASH_BOOT)
configsip: 0, SPIWP:0xee
clk_drv:0x00,q_drv:0x00,d_drv:0x00,cs0_drv:0x00,hd_drv:0x00,wp_drv:0x00
mode:DIO, clock div:2
load:0x3fff0030,len:7176
load:0x40078000,len:15564
ho 0 tail 12 room 4
load:0x40080400,len:4
load:0x40080404,len:3904
entry 0x40080640
[0;32mI (31) boot: ESP-IDF v5.3-dirty 2nd stage bootloader[0m
[0;32mI (31) boot: compile time Aug 20 2024 18:47:13[0m
[0;32mI (31) boot: Multicore bootloader[0m
[0;32mI (36) boot: chip revision: v3.1[0m
[0;32mI (39) boot.esp32: SPI Speed      : 40MHz[0m
[0;32mI (44) boot.esp32: SPI Mode       : DIO[0m
[0;32mI (49) boot.esp32: SPI Flash Size : 2MB[0m
[0;32mI (53) boot: Enabling RNG early entropy source...[0m
[0;32mI (59) boot: Partition Table:[0m
[0;32mI (62) boot: ## Label            Usage          Type ST Offset   Length[0m
[0;32mI (69) boot:  0 nvs              WiFi data        01 02 00009000 00006000[0m
[0;32mI (77) boot:  1 phy_init         RF data          01 01 0000f000 00001000[0m
[0;32mI (84) boot:  2 factory          factory app      00 00 00010000 00100000[0m
[0;32mI (92) boot: End of partition table[0m
[0;32mI (96) esp_image: segment 0: paddr=00010020 vaddr=3f400020 size=0a92ch ( 43308) map[0m
[0;32mI (119) esp_image: segment 1: paddr=0001a954 vaddr=3ffb0000 size=056c4h ( 22212) load[0m
[0;32mI (128) esp_image: segment 2: paddr=00020020 vaddr=400d0020 size=1677ch ( 92028) map[0m
[0;32mI (160) esp_image: segment 3: paddr=000367a4 vaddr=3ffb56c4 size=01c90h (  7312) load[0m
[0;32mI (163) esp_image: segment 4: paddr=0003843c vaddr=40080000 size=0d9fch ( 55804) load[0m
[0;32mI (195) boot: Loaded app from partition at offset 0x10000[0m
[0;32mI (196) boot: Disabling RNG early entropy source...[0m
[0;32mI (207) cpu_start: Multicore app[0m
[0;32mI (216) cpu_start: Pro cpu start user code[0m
[0;32mI (216) cpu_start: cpu freq: 160000000 Hz[0m
[0;32mI (216) app_init: Application information:[0m
[0;32mI (219) app_init: Project name:     esp_OTA_SMT32[0m
[0;32mI (224) app_init: App version:      1[0m
[0;32mI (229) app_init: Compile time:     Aug 25 2024 07:28:29[0m
[0;32mI (235) app_init: ELF file SHA256:  25058a69d...[0m
[0;32mI (240) app_init: ESP-IDF:          v5.3-dirty[0m
[0;32mI (245) efuse_init: Min chip rev:     v0.0[0m
[0;32mI (250) efuse_init: Max chip rev:     v3.99 [0m
[0;32mI (255) efuse_init: Chip rev:         v3.1[0m
[0;32mI (260) heap_init: Initializing. RAM available for dynamic allocation:[0m
[0;32mI (267) heap_init: At 3FFAE6E0 len 00001920 (6 KiB): DRAM[0m
[0;32mI (273) heap_init: At 3FFB7E30 len 000281D0 (160 KiB): DRAM[0m
[0;32mI (279) heap_init: At 3FFE0440 len 00003AE0 (14 KiB): D/IRAM[0m
[0;32mI (285) heap_init: At 3FFE4350 len 0001BCB0 (111 KiB): D/IRAM[0m
[0;32mI (292) heap_init: At 4008D9FC len 00012604 (73 KiB): IRAM[0m
[0;32mI (300) spi_flash: detected chip: generic[0m
[0;32mI (303) spi_flash: flash io: dio[0m
[0;33mW (307) spi_flash: Detected size(4096k) larger than the size in the binary image header(2048k). Using the size in the binary image header.[0m
[0;32mI (320) main_task: Started on CPU0[0m
[0;32mI (330) main_task: Calling app_main()[0m
02 00 00 04 08 00 F2 
10 00 00 00 20 00 06 70 08 00 01 89 08 00 0A D7 08 00 0A 61 6C 
10 00 10 00 08 00 0A D5 08 00 02 8F 08 00 0B 41 00 00 00 00 0C 
10 00 20 00 00 00 00 00 00 00 00 00 00 00 00 00 08 00 0A DB E3 
10 00 30 00 08 00 02 91 00 00 00 00 08 00 0A D9 08 00 0A DD 4B 
10 00 40 00 08 00 01 A3 08 00 01 A3 08 00 01 A3 08 00 01 A3 00 
10 00 50 00 08 00 01 A3 08 00 01 A3 08 00 01 A3 08 00 01 A3 F0 
10 00 60 00 08 00 01 A3 08 00 01 A3 08 00 01 A3 08 00 01 A3 E0 
[0;32mI (360) ROW DATA FRAME: ROW 0
[0m
length line: 7
length command: 8
HEADER Frame: 02 00 00 04 
DATA Frame: 08 00 F2 
[0;32mI (380) ROW DATA FRAME: ROW 1
[0m
length line: 21
length command: 8
HEADER Frame: 0B 9F B9 13 
DATA Frame: EB 9F 3E 7C 44 7E FB 3F 40 AA FB 3F CD 12 44 A0 98 

assert failed: heap_caps_free heap_caps_base.c:69 (heap != NULL && "free() target pointer is outside heap areas")


Backtrace: 0x4008191a:0x3ffb8f20 0x40086395:0x3ffb8f40 0x4008c411:0x3ffb8f60 0x40082105:0x3ffb9080 0x4008c42d:0x3ffb90a0 0x400d7a1c:0x3ffb90c0 0x400d78ba:0x3ffb9100 0x400e5e10:0x3ffb9120 0x40086db9:0x3ffb9150




ELF file SHA256: 25058a69d

Rebooting...
ets Jul 29 2019 12:21:46

rst:0xc (SW_CPU_RESET),boot:0x13 (SPI_FAST_FLASH_BOOT)
configsip: 0, SPIWP:0xee
clk_drv:0x00,q_drv:0x00,d_drv:0x00,cs0_drv:0x00,hd_drv:0x00,wp_drv:0x00
mode:DIO, clock div:2
load:0x3fff0030,len:7176
load:0x40078000,len:15564
ho 0 tail 12 room 4
load:0x40080400,len:4
load:0x40080404,len:3904
entry 0x40080640
[0;32mI (31) boot: ESP-IDF v5.3-dirty 2nd stage bootloader[0m
[0;32mI (31) boot: compile time Aug 20 2024 18:47:13[0m
[0;32mI (31) boot: Multicore bootloader[0m
[0;32mI (36) boot: chip revision: v3.1[0m
[0;32mI (39) boot.esp32: SPI Speed      : 40MHz[0m
[0;32mI (44) boot.esp32: SPI Mode       : DIO[0m
[0;32mI (49) boot.esp32: SPI Flash Size : 2MB[0m
[0;32mI (53) boot: Enabling RNG early entropy source...[0m
[0;32mI (59) boot: Partition Table:[0m
[0;32mI (62) boot: ## Label            Usage          Type ST Offset   Length[0m
[0;32mI (69) boot:  0 nvs              WiFi data        01 02 00009000 00006000[0m
[0;32mI (77) boot:  1 phy_init         RF data          01 01 0000f000 00001000[0m
[0;32mI (84) boot:  2 factory          factory app      00 00 00010000 00100000[0m
[0;32mI (92) boot: End of partition table[0m
[0;32mI (96) esp_image: segment 0: paddr=00010020 vaddr=3f400020 size=0a92ch ( 43308) map[0m
[0;32mI (119) esp_image: segment 1: paddr=0001a954 vaddr=3ffb0000 size=056c4h ( 22212) load[0m
[0;32mI (128) esp_image: segment 2: paddr=00020020 vaddr=400d0020 size=1